Seed B12: has 5 variants, expected 6 (known upstream gap — see fix_changelog.json). Cells for this seed will use n_variants=5 instead of 6.
# GenSens Crossed-Design Summarization — Summary Report

## 1. Run size
- Total outputs generated: **1495** (articles=5, seeds=50, target variants/cell=6; expected 1495)
- Complete cells scored: **250** (expected 250)

## 2. SENSITIVITY by pool (headline result)
| Pool | n_cells | Sensitivity mean | 95% CI |
|---|---|---|---|
| A | 175 | 0.1505 | [0.1393, 0.1624] |
| B | 75 | 0.1784 | [0.1584, 0.2010] |

## 3. PRI (quality-gated robustness) by pool
*Note: PRI is quality-gated robustness (good AND stable), not pure sensitivity. Section 2's Sensitivity composite is the headline sensitivity measure.*

| Pool | n_cells | PRI mean | 95% CI |
|---|---|---|---|
| A | 175 | 0.6975 | [0.6905, 0.7049] |
| B | 75 | 0.6736 | [0.6589, 0.6884] |

## 4. Top 5 MOST sensitive seeds
| seed_id | pool | dimension | Sensitivity mean | 95% CI |
|---|---|---|---|---|
| B04 | B | Theme Isolation | 0.2868 | [0.1661, 0.4684] |
| B12 | B | Persona / Tone | 0.2818 | [0.1810, 0.3969] |
| A07 | A | Question Form | 0.2567 | [0.1490, 0.3909] |
| A17 | A | Analytical Framing | 0.2360 | [0.1491, 0.3425] |
| A08 | A | Question Form | 0.2152 | [0.1081, 0.3606] |

## 5. Top 5 LEAST sensitive seeds
| seed_id | pool | dimension | Sensitivity mean | 95% CI |
|---|---|---|---|---|
| A22 | A | Output Format | 0.0835 | [0.0633, 0.1048] |
| B11 | B | Persona / Tone | 0.0879 | [0.0565, 0.1193] |
| A20 | A | Output Format | 0.0888 | [0.0596, 0.1132] |
| A14 | A | Constraint Based | 0.0922 | [0.0753, 0.1142] |
| A03 | A | Direct Command | 0.0999 | [0.0879, 0.1149] |

## 6. Per-dimension sensitivity ranking
| Rank | Dimension | n | Sensitivity mean | 95% CI |
|---|---|---|---|---|
| 1 | Theme Isolation | 25 | 0.2094 | [0.1692, 0.2577] |
| 2 | Question Form | 20 | 0.1910 | [0.1453, 0.2456] |
| 3 | Analytical Framing | 20 | 0.1843 | [0.1502, 0.2230] |
| 4 | Emphasis Focus | 15 | 0.1781 | [0.1437, 0.2220] |
| 5 | Meta-reflection | 5 | 0.1689 | [0.1217, 0.2161] |
| 6 | Persona / Tone | 30 | 0.1676 | [0.1379, 0.2020] |
| 7 | Lexical Filter | 15 | 0.1515 | [0.1270, 0.1762] |
| 8 | Audience Perspective | 15 | 0.1458 | [0.1191, 0.1795] |
| 9 | Role Based | 20 | 0.1454 | [0.1205, 0.1750] |
| 10 | Direct Command | 20 | 0.1425 | [0.1212, 0.1673] |
| 11 | Tone Register | 20 | 0.1373 | [0.1155, 0.1598] |
| 12 | Completeness Framing | 15 | 0.1360 | [0.1142, 0.1598] |
| 13 | Output Format | 15 | 0.1152 | [0.0784, 0.1686] |
| 14 | Constraint Based | 15 | 0.1133 | [0.0898, 0.1361] |

## 7. Diagnosis matrix (quality x sensitivity)
- True Robustness: 64
- Fragile: 61
- Consistently Poor: 61
- Unreliable: 64

## 8. Significance tests
- **Pool A vs Pool B (Mann-Whitney U):** U=7925.0, p=0.009337, rank-biserial r=-0.2076 (Pool B more sensitive)
- Most-vs-least sensitive seed: not run (insufficient paired articles).

## 9. Warnings
- N_ARTICLES=5 is below the floor of 30 — significance results may be underpowered.
- Most-vs-least seed test skipped: only 5 paired articles (need >= 20).
- 89 NLI pairs had an output too long for the premise to fit any context; scored as neutral (0.5).


[summary_report.py] Wrote /root/prompt_sensitivity/gensens/crossed/results/summary_report.md
