2026-05-26 00:00:23,248 [INFO] root: Logging to: /Users/saiabhinav/Desktop/PROMPT SENSITIVITY/gensens/logs/generation_summarization_20260526_000023.log
2026-05-26 00:00:23,248 [INFO] __main__: ============================================================
2026-05-26 00:00:23,248 [INFO] __main__: GenSens Dataset Generation Pipeline
2026-05-26 00:00:23,248 [INFO] __main__:   Task:             summarization
2026-05-26 00:00:23,248 [INFO] __main__:   Instances/task:   3
2026-05-26 00:00:23,248 [INFO] __main__:   Variants/inst:    4
2026-05-26 00:00:23,248 [INFO] __main__:   Seed:             42
2026-05-26 00:00:23,248 [INFO] __main__:   Checkpoint every: 5
2026-05-26 00:00:23,248 [INFO] __main__:   Model backend:    local
2026-05-26 00:00:23,248 [INFO] __main__: ============================================================
2026-05-26 00:00:23,248 [INFO] __main__: Initializing ParaphraseGenerator (backend=local)...
2026-05-26 00:00:23,248 [INFO] paraphrase_generator: Loading SBERT model: all-mpnet-base-v2
2026-05-26 00:00:23,268 [INFO] sentence_transformers.base.model: No device provided, using mps
2026-05-26 00:00:23,541 [INFO] httpx: HTTP Request: HEAD https://huggingface.co/sentence-transformers/all-mpnet-base-v2/resolve/main/modules.json "HTTP/1.1 307 Temporary Redirect"
2026-05-26 00:00:23,552 [INFO] httpx: HTTP Request: HEAD https://huggingface.co/api/resolve-cache/models/sentence-transformers/all-mpnet-base-v2/e8c3b32edf5434bc2275fc9bab85f82640a19130/modules.json "HTTP/1.1 200 OK"
2026-05-26 00:00:23,787 [INFO] httpx: HTTP Request: HEAD https://huggingface.co/sentence-transformers/all-mpnet-base-v2/resolve/main/config_sentence_transformers.json "HTTP/1.1 307 Temporary Redirect"
2026-05-26 00:00:23,788 [WARNING] huggingface_hub.utils._http: Warning: You are sending unauthenticated requests to the HF Hub. Please set a HF_TOKEN to enable higher rate limits and faster downloads.
2026-05-26 00:00:23,796 [INFO] httpx: HTTP Request: HEAD https://huggingface.co/api/resolve-cache/models/sentence-transformers/all-mpnet-base-v2/e8c3b32edf5434bc2275fc9bab85f82640a19130/config_sentence_transformers.json "HTTP/1.1 200 OK"
2026-05-26 00:00:23,798 [INFO] sentence_transformers.base.model: Loading SentenceTransformer model from sentence-transformers/all-mpnet-base-v2.
2026-05-26 00:00:24,028 [INFO] httpx: HTTP Request: HEAD https://huggingface.co/sentence-transformers/all-mpnet-base-v2/resolve/main/config_sentence_transformers.json "HTTP/1.1 307 Temporary Redirect"
2026-05-26 00:00:24,040 [INFO] httpx: HTTP Request: HEAD https://huggingface.co/api/resolve-cache/models/sentence-transformers/all-mpnet-base-v2/e8c3b32edf5434bc2275fc9bab85f82640a19130/config_sentence_transformers.json "HTTP/1.1 200 OK"
2026-05-26 00:00:24,271 [INFO] httpx: HTTP Request: HEAD https://huggingface.co/sentence-transformers/all-mpnet-base-v2/resolve/main/README.md "HTTP/1.1 307 Temporary Redirect"
2026-05-26 00:00:24,280 [INFO] httpx: HTTP Request: HEAD https://huggingface.co/api/resolve-cache/models/sentence-transformers/all-mpnet-base-v2/e8c3b32edf5434bc2275fc9bab85f82640a19130/README.md "HTTP/1.1 200 OK"
2026-05-26 00:00:24,511 [INFO] httpx: HTTP Request: HEAD https://huggingface.co/sentence-transformers/all-mpnet-base-v2/resolve/main/modules.json "HTTP/1.1 307 Temporary Redirect"
2026-05-26 00:00:24,521 [INFO] httpx: HTTP Request: HEAD https://huggingface.co/api/resolve-cache/models/sentence-transformers/all-mpnet-base-v2/e8c3b32edf5434bc2275fc9bab85f82640a19130/modules.json "HTTP/1.1 200 OK"
2026-05-26 00:00:24,754 [INFO] httpx: HTTP Request: HEAD https://huggingface.co/sentence-transformers/all-mpnet-base-v2/resolve/main/sentence_bert_config.json "HTTP/1.1 307 Temporary Redirect"
2026-05-26 00:00:24,766 [INFO] httpx: HTTP Request: HEAD https://huggingface.co/api/resolve-cache/models/sentence-transformers/all-mpnet-base-v2/e8c3b32edf5434bc2275fc9bab85f82640a19130/sentence_bert_config.json "HTTP/1.1 200 OK"
2026-05-26 00:00:24,997 [INFO] httpx: HTTP Request: HEAD https://huggingface.co/sentence-transformers/all-mpnet-base-v2/resolve/main/adapter_config.json "HTTP/1.1 404 Not Found"
2026-05-26 00:00:25,230 [INFO] httpx: HTTP Request: HEAD https://huggingface.co/sentence-transformers/all-mpnet-base-v2/resolve/main/config.json "HTTP/1.1 307 Temporary Redirect"
2026-05-26 00:00:25,254 [INFO] httpx: HTTP Request: HEAD https://huggingface.co/api/resolve-cache/models/sentence-transformers/all-mpnet-base-v2/e8c3b32edf5434bc2275fc9bab85f82640a19130/config.json "HTTP/1.1 200 OK"
2026-05-26 00:00:25,624 [INFO] httpx: HTTP Request: HEAD https://huggingface.co/sentence-transformers/all-mpnet-base-v2/resolve/main/processor_config.json "HTTP/1.1 404 Not Found"
2026-05-26 00:00:25,887 [INFO] httpx: HTTP Request: HEAD https://huggingface.co/sentence-transformers/all-mpnet-base-v2/resolve/main/preprocessor_config.json "HTTP/1.1 404 Not Found"
2026-05-26 00:00:26,195 [INFO] httpx: HTTP Request: HEAD https://huggingface.co/sentence-transformers/all-mpnet-base-v2/resolve/main/video_preprocessor_config.json "HTTP/1.1 404 Not Found"
2026-05-26 00:00:26,501 [INFO] httpx: HTTP Request: HEAD https://huggingface.co/sentence-transformers/all-mpnet-base-v2/resolve/main/preprocessor_config.json "HTTP/1.1 404 Not Found"
2026-05-26 00:00:26,808 [INFO] httpx: HTTP Request: HEAD https://huggingface.co/sentence-transformers/all-mpnet-base-v2/resolve/main/tokenizer_config.json "HTTP/1.1 307 Temporary Redirect"
2026-05-26 00:00:26,817 [INFO] httpx: HTTP Request: HEAD https://huggingface.co/api/resolve-cache/models/sentence-transformers/all-mpnet-base-v2/e8c3b32edf5434bc2275fc9bab85f82640a19130/tokenizer_config.json "HTTP/1.1 200 OK"
2026-05-26 00:00:27,050 [INFO] httpx: HTTP Request: HEAD https://huggingface.co/sentence-transformers/all-mpnet-base-v2/resolve/main/config.json "HTTP/1.1 307 Temporary Redirect"
2026-05-26 00:00:27,061 [INFO] httpx: HTTP Request: HEAD https://huggingface.co/api/resolve-cache/models/sentence-transformers/all-mpnet-base-v2/e8c3b32edf5434bc2275fc9bab85f82640a19130/config.json "HTTP/1.1 200 OK"
2026-05-26 00:00:27,295 [INFO] httpx: HTTP Request: HEAD https://huggingface.co/sentence-transformers/all-mpnet-base-v2/resolve/main/config.json "HTTP/1.1 307 Temporary Redirect"
2026-05-26 00:00:27,305 [INFO] httpx: HTTP Request: HEAD https://huggingface.co/api/resolve-cache/models/sentence-transformers/all-mpnet-base-v2/e8c3b32edf5434bc2275fc9bab85f82640a19130/config.json "HTTP/1.1 200 OK"
2026-05-26 00:00:27,540 [INFO] httpx: HTTP Request: HEAD https://huggingface.co/sentence-transformers/all-mpnet-base-v2/resolve/main/tokenizer_config.json "HTTP/1.1 307 Temporary Redirect"
2026-05-26 00:00:27,549 [INFO] httpx: HTTP Request: HEAD https://huggingface.co/api/resolve-cache/models/sentence-transformers/all-mpnet-base-v2/e8c3b32edf5434bc2275fc9bab85f82640a19130/tokenizer_config.json "HTTP/1.1 200 OK"
2026-05-26 00:00:27,787 [INFO] httpx: HTTP Request: GET https://huggingface.co/api/models/sentence-transformers/all-mpnet-base-v2/tree/main/additional_chat_templates?recursive=false&expand=false "HTTP/1.1 404 Not Found"
2026-05-26 00:00:28,028 [INFO] httpx: HTTP Request: GET https://huggingface.co/api/models/sentence-transformers/all-mpnet-base-v2/tree/main?recursive=true&expand=false "HTTP/1.1 200 OK"
2026-05-26 00:00:28,302 [INFO] httpx: HTTP Request: HEAD https://huggingface.co/sentence-transformers/all-mpnet-base-v2/resolve/main/1_Pooling/config.json "HTTP/1.1 307 Temporary Redirect"
2026-05-26 00:00:28,311 [INFO] httpx: HTTP Request: HEAD https://huggingface.co/api/resolve-cache/models/sentence-transformers/all-mpnet-base-v2/e8c3b32edf5434bc2275fc9bab85f82640a19130/1_Pooling%2Fconfig.json "HTTP/1.1 200 OK"
2026-05-26 00:00:28,546 [INFO] httpx: HTTP Request: GET https://huggingface.co/api/models/sentence-transformers/all-mpnet-base-v2 "HTTP/1.1 200 OK"
2026-05-26 00:00:29,033 [INFO] paraphrase_generator:   SBERT loaded.
2026-05-26 00:00:29,043 [INFO] paraphrase_generator: Loading Flan-T5: google/flan-t5-large
2026-05-26 00:00:29,275 [INFO] httpx: HTTP Request: HEAD https://huggingface.co/google/flan-t5-large/resolve/main/config.json "HTTP/1.1 307 Temporary Redirect"
2026-05-26 00:00:29,285 [INFO] httpx: HTTP Request: HEAD https://huggingface.co/api/resolve-cache/models/google/flan-t5-large/0613663d0d48ea86ba8cb3d7a44f0f65dc596a2a/config.json "HTTP/1.1 200 OK"
2026-05-26 00:00:29,521 [INFO] httpx: HTTP Request: HEAD https://huggingface.co/google/flan-t5-large/resolve/main/tokenizer_config.json "HTTP/1.1 307 Temporary Redirect"
2026-05-26 00:00:29,530 [INFO] httpx: HTTP Request: HEAD https://huggingface.co/api/resolve-cache/models/google/flan-t5-large/0613663d0d48ea86ba8cb3d7a44f0f65dc596a2a/tokenizer_config.json "HTTP/1.1 200 OK"
2026-05-26 00:00:29,766 [INFO] httpx: HTTP Request: GET https://huggingface.co/api/models/google/flan-t5-large/tree/main/additional_chat_templates?recursive=false&expand=false "HTTP/1.1 404 Not Found"
2026-05-26 00:00:30,088 [INFO] httpx: HTTP Request: GET https://huggingface.co/api/models/google/flan-t5-large/tree/main?recursive=true&expand=false "HTTP/1.1 200 OK"
2026-05-26 00:00:30,496 [INFO] httpx: HTTP Request: HEAD https://huggingface.co/google/flan-t5-large/resolve/main/config.json "HTTP/1.1 307 Temporary Redirect"
2026-05-26 00:00:30,508 [INFO] httpx: HTTP Request: HEAD https://huggingface.co/api/resolve-cache/models/google/flan-t5-large/0613663d0d48ea86ba8cb3d7a44f0f65dc596a2a/config.json "HTTP/1.1 200 OK"
2026-05-26 00:00:30,796 [INFO] httpx: HTTP Request: HEAD https://huggingface.co/google/flan-t5-large/resolve/main/model.safetensors "HTTP/1.1 302 Found"
2026-05-26 00:00:31,324 [INFO] httpx: HTTP Request: HEAD https://huggingface.co/google/flan-t5-large/resolve/main/generation_config.json "HTTP/1.1 307 Temporary Redirect"
2026-05-26 00:00:31,332 [INFO] httpx: HTTP Request: HEAD https://huggingface.co/api/resolve-cache/models/google/flan-t5-large/0613663d0d48ea86ba8cb3d7a44f0f65dc596a2a/generation_config.json "HTTP/1.1 200 OK"
2026-05-26 00:00:34,089 [INFO] paraphrase_generator:   Flan-T5 loaded on mps.
2026-05-26 00:00:34,090 [INFO] __main__: ParaphraseGenerator initialized in 10.8s
2026-05-26 00:00:34,090 [INFO] __main__: 
============================================================
2026-05-26 00:00:34,090 [INFO] __main__: Starting task: summarization
2026-05-26 00:00:34,090 [INFO] __main__:   n_instances=3, n_variants=4, seed=42
2026-05-26 00:00:34,090 [INFO] __main__: ============================================================
2026-05-26 00:00:34,090 [INFO] data_loaders: Loading CNN/DailyMail dataset...
2026-05-26 00:00:34,090 [ERROR] datasets.load: `trust_remote_code` is not supported anymore.
Please check that the Hugging Face dataset 'cnn_dailymail' isn't based on a loading script and remove `trust_remote_code`.
If the dataset is based on a loading script, please ask the dataset author to remove it and convert it to a standard format like Parquet.
2026-05-26 00:00:34,329 [INFO] httpx: HTTP Request: HEAD https://huggingface.co/datasets/cnn_dailymail/resolve/main/README.md "HTTP/1.1 307 Temporary Redirect"
2026-05-26 00:00:34,558 [INFO] httpx: HTTP Request: HEAD https://huggingface.co/datasets/abisee/cnn_dailymail/resolve/main/README.md "HTTP/1.1 307 Temporary Redirect"
2026-05-26 00:00:34,567 [INFO] httpx: HTTP Request: HEAD https://huggingface.co/api/resolve-cache/datasets/abisee/cnn_dailymail/96df5e686bee6baa90b8bee7c28b81fa3fa6223d/README.md "HTTP/1.1 200 OK"
2026-05-26 00:00:34,801 [INFO] httpx: HTTP Request: HEAD https://huggingface.co/datasets/cnn_dailymail/resolve/96df5e686bee6baa90b8bee7c28b81fa3fa6223d/cnn_dailymail.py "HTTP/1.1 307 Temporary Redirect"
2026-05-26 00:00:35,031 [INFO] httpx: HTTP Request: HEAD https://huggingface.co/datasets/abisee/cnn_dailymail/resolve/96df5e686bee6baa90b8bee7c28b81fa3fa6223d/cnn_dailymail.py "HTTP/1.1 404 Not Found"
2026-05-26 00:00:35,865 [INFO] httpx: HTTP Request: HEAD https://s3.amazonaws.com/datasets.huggingface.co/datasets/datasets/cnn_dailymail/cnn_dailymail.py "HTTP/1.1 200 OK"
2026-05-26 00:00:35,884 [WARNING] datasets.load: Using the latest cached version of the dataset since cnn_dailymail couldn't be found on the Hugging Face Hub
2026-05-26 00:00:35,885 [WARNING] datasets.packaged_modules.cache.cache: Found the latest cached dataset configuration '3.0.0' at /Users/saiabhinav/.cache/huggingface/datasets/cnn_dailymail/3.0.0/0.0.0/96df5e686bee6baa90b8bee7c28b81fa3fa6223d (last modified on Sun Jan 11 18:38:11 2026).
2026-05-26 00:00:35,995 [INFO] data_loaders:   Loaded 11490 test articles
2026-05-26 00:00:36,385 [INFO] data_loaders:   Buckets — short(<400): 2545, medium(400-800): 5418, long(>800): 3527
2026-05-26 00:00:36,387 [INFO] data_loaders:   Loaded 3 summarization instances
2026-05-26 00:00:36,392 [INFO] __main__: Loaded 3 source instances for 'summarization'
2026-05-26 00:00:36,392 [INFO] __main__: Found 0 completed instances in checkpoint
2026-05-26 00:00:43,211 [INFO] paraphrase_generator:   [summ_0000] n_variants=4, mean_sim=0.878, distinct2=0.479, mean_overlap=0.487, n_strategies=0, time=6.8s
2026-05-26 00:00:52,847 [INFO] paraphrase_generator:   [summ_0001] Retry 1: 3/4 — trying all strategies again
2026-05-26 00:00:58,476 [INFO] paraphrase_generator:   [summ_0001] n_variants=4, mean_sim=0.860, distinct2=0.553, mean_overlap=0.386, n_strategies=0, time=15.3s
2026-05-26 00:01:11,234 [INFO] paraphrase_generator:   [summ_0002] n_variants=4, mean_sim=0.862, distinct2=0.523, mean_overlap=0.419, n_strategies=0, time=12.8s
2026-05-26 00:01:11,234 [INFO] __main__: Task 'summarization' completed in 34.8s — 3 records
2026-05-26 00:01:11,236 [INFO] __main__:   Saved final output to: /Users/saiabhinav/Desktop/PROMPT SENSITIVITY/gensens/data/gensens_summarization_3inst_4var.jsonl
2026-05-26 00:01:11,242 [INFO] __main__: Stats saved to: /Users/saiabhinav/Desktop/PROMPT SENSITIVITY/gensens/data/gensens_stats.json
2026-05-26 00:01:11,242 [INFO] __main__: 
✓ ALL DONE — Total pipeline time: 37.1s
2026-05-26 00:01:11,242 [INFO] __main__:   Output files in: /Users/saiabhinav/Desktop/PROMPT SENSITIVITY/gensens/data/
2026-05-26 00:01:11,242 [INFO] __main__:   Total instances: 3
2026-05-26 00:01:11,242 [INFO] __main__:   Total variants:  12
