2026-05-25 23:02:42,167 [INFO] root: Logging to: /Users/saiabhinav/Desktop/PROMPT SENSITIVITY/gensens/logs/generation_summarization_20260525_230242.log
2026-05-25 23:02:42,167 [INFO] __main__: ============================================================
2026-05-25 23:02:42,167 [INFO] __main__: GenSens Dataset Generation Pipeline
2026-05-25 23:02:42,167 [INFO] __main__:   Task:             summarization
2026-05-25 23:02:42,167 [INFO] __main__:   Instances/task:   6
2026-05-25 23:02:42,167 [INFO] __main__:   Variants/inst:    4
2026-05-25 23:02:42,167 [INFO] __main__:   Seed:             42
2026-05-25 23:02:42,167 [INFO] __main__:   Checkpoint every: 2
2026-05-25 23:02:42,167 [INFO] __main__:   Model backend:    local
2026-05-25 23:02:42,167 [INFO] __main__: ============================================================
2026-05-25 23:02:42,167 [INFO] __main__: Initializing ParaphraseGenerator (backend=local)...
2026-05-25 23:02:42,167 [INFO] paraphrase_generator: Loading SBERT model: all-mpnet-base-v2
2026-05-25 23:02:42,182 [INFO] sentence_transformers.base.model: No device provided, using mps
2026-05-25 23:02:42,460 [INFO] httpx: HTTP Request: HEAD https://huggingface.co/sentence-transformers/all-mpnet-base-v2/resolve/main/modules.json "HTTP/1.1 307 Temporary Redirect"
2026-05-25 23:02:42,461 [WARNING] huggingface_hub.utils._http: Warning: You are sending unauthenticated requests to the HF Hub. Please set a HF_TOKEN to enable higher rate limits and faster downloads.
2026-05-25 23:02:42,470 [INFO] httpx: HTTP Request: HEAD https://huggingface.co/api/resolve-cache/models/sentence-transformers/all-mpnet-base-v2/e8c3b32edf5434bc2275fc9bab85f82640a19130/modules.json "HTTP/1.1 200 OK"
2026-05-25 23:02:42,702 [INFO] httpx: HTTP Request: HEAD https://huggingface.co/sentence-transformers/all-mpnet-base-v2/resolve/main/config_sentence_transformers.json "HTTP/1.1 307 Temporary Redirect"
2026-05-25 23:02:42,711 [INFO] httpx: HTTP Request: HEAD https://huggingface.co/api/resolve-cache/models/sentence-transformers/all-mpnet-base-v2/e8c3b32edf5434bc2275fc9bab85f82640a19130/config_sentence_transformers.json "HTTP/1.1 200 OK"
2026-05-25 23:02:42,714 [INFO] sentence_transformers.base.model: Loading SentenceTransformer model from sentence-transformers/all-mpnet-base-v2.
2026-05-25 23:02:42,944 [INFO] httpx: HTTP Request: HEAD https://huggingface.co/sentence-transformers/all-mpnet-base-v2/resolve/main/config_sentence_transformers.json "HTTP/1.1 307 Temporary Redirect"
2026-05-25 23:02:42,955 [INFO] httpx: HTTP Request: HEAD https://huggingface.co/api/resolve-cache/models/sentence-transformers/all-mpnet-base-v2/e8c3b32edf5434bc2275fc9bab85f82640a19130/config_sentence_transformers.json "HTTP/1.1 200 OK"
2026-05-25 23:02:43,187 [INFO] httpx: HTTP Request: HEAD https://huggingface.co/sentence-transformers/all-mpnet-base-v2/resolve/main/README.md "HTTP/1.1 307 Temporary Redirect"
2026-05-25 23:02:43,196 [INFO] httpx: HTTP Request: HEAD https://huggingface.co/api/resolve-cache/models/sentence-transformers/all-mpnet-base-v2/e8c3b32edf5434bc2275fc9bab85f82640a19130/README.md "HTTP/1.1 200 OK"
2026-05-25 23:02:43,427 [INFO] httpx: HTTP Request: HEAD https://huggingface.co/sentence-transformers/all-mpnet-base-v2/resolve/main/modules.json "HTTP/1.1 307 Temporary Redirect"
2026-05-25 23:02:43,438 [INFO] httpx: HTTP Request: HEAD https://huggingface.co/api/resolve-cache/models/sentence-transformers/all-mpnet-base-v2/e8c3b32edf5434bc2275fc9bab85f82640a19130/modules.json "HTTP/1.1 200 OK"
2026-05-25 23:02:43,682 [INFO] httpx: HTTP Request: HEAD https://huggingface.co/sentence-transformers/all-mpnet-base-v2/resolve/main/sentence_bert_config.json "HTTP/1.1 307 Temporary Redirect"
2026-05-25 23:02:43,693 [INFO] httpx: HTTP Request: HEAD https://huggingface.co/api/resolve-cache/models/sentence-transformers/all-mpnet-base-v2/e8c3b32edf5434bc2275fc9bab85f82640a19130/sentence_bert_config.json "HTTP/1.1 200 OK"
2026-05-25 23:02:43,924 [INFO] httpx: HTTP Request: HEAD https://huggingface.co/sentence-transformers/all-mpnet-base-v2/resolve/main/adapter_config.json "HTTP/1.1 404 Not Found"
2026-05-25 23:02:44,201 [INFO] httpx: HTTP Request: HEAD https://huggingface.co/sentence-transformers/all-mpnet-base-v2/resolve/main/config.json "HTTP/1.1 307 Temporary Redirect"
2026-05-25 23:02:44,211 [INFO] httpx: HTTP Request: HEAD https://huggingface.co/api/resolve-cache/models/sentence-transformers/all-mpnet-base-v2/e8c3b32edf5434bc2275fc9bab85f82640a19130/config.json "HTTP/1.1 200 OK"
2026-05-25 23:02:44,555 [INFO] httpx: HTTP Request: HEAD https://huggingface.co/sentence-transformers/all-mpnet-base-v2/resolve/main/processor_config.json "HTTP/1.1 404 Not Found"
2026-05-25 23:02:44,818 [INFO] httpx: HTTP Request: HEAD https://huggingface.co/sentence-transformers/all-mpnet-base-v2/resolve/main/preprocessor_config.json "HTTP/1.1 404 Not Found"
2026-05-25 23:02:45,052 [INFO] httpx: HTTP Request: HEAD https://huggingface.co/sentence-transformers/all-mpnet-base-v2/resolve/main/video_preprocessor_config.json "HTTP/1.1 404 Not Found"
2026-05-25 23:02:45,329 [INFO] httpx: HTTP Request: HEAD https://huggingface.co/sentence-transformers/all-mpnet-base-v2/resolve/main/preprocessor_config.json "HTTP/1.1 404 Not Found"
2026-05-25 23:02:45,635 [INFO] httpx: HTTP Request: HEAD https://huggingface.co/sentence-transformers/all-mpnet-base-v2/resolve/main/tokenizer_config.json "HTTP/1.1 307 Temporary Redirect"
2026-05-25 23:02:45,645 [INFO] httpx: HTTP Request: HEAD https://huggingface.co/api/resolve-cache/models/sentence-transformers/all-mpnet-base-v2/e8c3b32edf5434bc2275fc9bab85f82640a19130/tokenizer_config.json "HTTP/1.1 200 OK"
2026-05-25 23:02:45,875 [INFO] httpx: HTTP Request: HEAD https://huggingface.co/sentence-transformers/all-mpnet-base-v2/resolve/main/config.json "HTTP/1.1 307 Temporary Redirect"
2026-05-25 23:02:45,887 [INFO] httpx: HTTP Request: HEAD https://huggingface.co/api/resolve-cache/models/sentence-transformers/all-mpnet-base-v2/e8c3b32edf5434bc2275fc9bab85f82640a19130/config.json "HTTP/1.1 200 OK"
2026-05-25 23:02:46,119 [INFO] httpx: HTTP Request: HEAD https://huggingface.co/sentence-transformers/all-mpnet-base-v2/resolve/main/config.json "HTTP/1.1 307 Temporary Redirect"
2026-05-25 23:02:46,130 [INFO] httpx: HTTP Request: HEAD https://huggingface.co/api/resolve-cache/models/sentence-transformers/all-mpnet-base-v2/e8c3b32edf5434bc2275fc9bab85f82640a19130/config.json "HTTP/1.1 200 OK"
2026-05-25 23:02:46,362 [INFO] httpx: HTTP Request: HEAD https://huggingface.co/sentence-transformers/all-mpnet-base-v2/resolve/main/tokenizer_config.json "HTTP/1.1 307 Temporary Redirect"
2026-05-25 23:02:46,372 [INFO] httpx: HTTP Request: HEAD https://huggingface.co/api/resolve-cache/models/sentence-transformers/all-mpnet-base-v2/e8c3b32edf5434bc2275fc9bab85f82640a19130/tokenizer_config.json "HTTP/1.1 200 OK"
2026-05-25 23:02:46,608 [INFO] httpx: HTTP Request: GET https://huggingface.co/api/models/sentence-transformers/all-mpnet-base-v2/tree/main/additional_chat_templates?recursive=false&expand=false "HTTP/1.1 404 Not Found"
2026-05-25 23:02:46,842 [INFO] httpx: HTTP Request: GET https://huggingface.co/api/models/sentence-transformers/all-mpnet-base-v2/tree/main?recursive=true&expand=false "HTTP/1.1 200 OK"
2026-05-25 23:02:47,115 [INFO] httpx: HTTP Request: HEAD https://huggingface.co/sentence-transformers/all-mpnet-base-v2/resolve/main/1_Pooling/config.json "HTTP/1.1 307 Temporary Redirect"
2026-05-25 23:02:47,125 [INFO] httpx: HTTP Request: HEAD https://huggingface.co/api/resolve-cache/models/sentence-transformers/all-mpnet-base-v2/e8c3b32edf5434bc2275fc9bab85f82640a19130/1_Pooling%2Fconfig.json "HTTP/1.1 200 OK"
2026-05-25 23:02:47,364 [INFO] httpx: HTTP Request: GET https://huggingface.co/api/models/sentence-transformers/all-mpnet-base-v2 "HTTP/1.1 200 OK"
2026-05-25 23:02:47,745 [INFO] paraphrase_generator:   SBERT loaded.
2026-05-25 23:02:47,753 [INFO] paraphrase_generator: Loading Flan-T5: google/flan-t5-large
2026-05-25 23:02:47,988 [INFO] httpx: HTTP Request: HEAD https://huggingface.co/google/flan-t5-large/resolve/main/config.json "HTTP/1.1 307 Temporary Redirect"
2026-05-25 23:02:47,997 [INFO] httpx: HTTP Request: HEAD https://huggingface.co/api/resolve-cache/models/google/flan-t5-large/0613663d0d48ea86ba8cb3d7a44f0f65dc596a2a/config.json "HTTP/1.1 200 OK"
2026-05-25 23:02:48,230 [INFO] httpx: HTTP Request: HEAD https://huggingface.co/google/flan-t5-large/resolve/main/tokenizer_config.json "HTTP/1.1 307 Temporary Redirect"
2026-05-25 23:02:48,263 [INFO] httpx: HTTP Request: HEAD https://huggingface.co/api/resolve-cache/models/google/flan-t5-large/0613663d0d48ea86ba8cb3d7a44f0f65dc596a2a/tokenizer_config.json "HTTP/1.1 200 OK"
2026-05-25 23:02:48,498 [INFO] httpx: HTTP Request: GET https://huggingface.co/api/models/google/flan-t5-large/tree/main/additional_chat_templates?recursive=false&expand=false "HTTP/1.1 404 Not Found"
2026-05-25 23:02:48,732 [INFO] httpx: HTTP Request: GET https://huggingface.co/api/models/google/flan-t5-large/tree/main?recursive=true&expand=false "HTTP/1.1 200 OK"
2026-05-25 23:02:49,117 [INFO] httpx: HTTP Request: HEAD https://huggingface.co/google/flan-t5-large/resolve/main/config.json "HTTP/1.1 307 Temporary Redirect"
2026-05-25 23:02:49,127 [INFO] httpx: HTTP Request: HEAD https://huggingface.co/api/resolve-cache/models/google/flan-t5-large/0613663d0d48ea86ba8cb3d7a44f0f65dc596a2a/config.json "HTTP/1.1 200 OK"
2026-05-25 23:02:49,366 [INFO] httpx: HTTP Request: HEAD https://huggingface.co/google/flan-t5-large/resolve/main/model.safetensors "HTTP/1.1 302 Found"
2026-05-25 23:02:49,937 [INFO] httpx: HTTP Request: HEAD https://huggingface.co/google/flan-t5-large/resolve/main/generation_config.json "HTTP/1.1 307 Temporary Redirect"
2026-05-25 23:02:49,970 [INFO] httpx: HTTP Request: HEAD https://huggingface.co/api/resolve-cache/models/google/flan-t5-large/0613663d0d48ea86ba8cb3d7a44f0f65dc596a2a/generation_config.json "HTTP/1.1 200 OK"
2026-05-25 23:02:52,538 [INFO] paraphrase_generator:   Flan-T5 loaded on mps.
2026-05-25 23:02:52,539 [INFO] __main__: ParaphraseGenerator initialized in 10.4s
2026-05-25 23:02:52,539 [INFO] __main__: 
============================================================
2026-05-25 23:02:52,539 [INFO] __main__: Starting task: summarization
2026-05-25 23:02:52,539 [INFO] __main__:   n_instances=6, n_variants=4, seed=42
2026-05-25 23:02:52,539 [INFO] __main__: ============================================================
2026-05-25 23:02:52,539 [INFO] data_loaders: Loading CNN/DailyMail dataset...
2026-05-25 23:02:52,539 [ERROR] datasets.load: `trust_remote_code` is not supported anymore.
Please check that the Hugging Face dataset 'cnn_dailymail' isn't based on a loading script and remove `trust_remote_code`.
If the dataset is based on a loading script, please ask the dataset author to remove it and convert it to a standard format like Parquet.
2026-05-25 23:02:52,776 [INFO] httpx: HTTP Request: HEAD https://huggingface.co/datasets/cnn_dailymail/resolve/main/README.md "HTTP/1.1 307 Temporary Redirect"
2026-05-25 23:02:53,020 [INFO] httpx: HTTP Request: HEAD https://huggingface.co/datasets/abisee/cnn_dailymail/resolve/main/README.md "HTTP/1.1 307 Temporary Redirect"
2026-05-25 23:02:53,052 [INFO] httpx: HTTP Request: HEAD https://huggingface.co/api/resolve-cache/datasets/abisee/cnn_dailymail/96df5e686bee6baa90b8bee7c28b81fa3fa6223d/README.md "HTTP/1.1 200 OK"
2026-05-25 23:02:53,290 [INFO] httpx: HTTP Request: HEAD https://huggingface.co/datasets/cnn_dailymail/resolve/96df5e686bee6baa90b8bee7c28b81fa3fa6223d/cnn_dailymail.py "HTTP/1.1 307 Temporary Redirect"
2026-05-25 23:02:53,522 [INFO] httpx: HTTP Request: HEAD https://huggingface.co/datasets/abisee/cnn_dailymail/resolve/96df5e686bee6baa90b8bee7c28b81fa3fa6223d/cnn_dailymail.py "HTTP/1.1 404 Not Found"
2026-05-25 23:02:54,287 [INFO] httpx: HTTP Request: HEAD https://s3.amazonaws.com/datasets.huggingface.co/datasets/datasets/cnn_dailymail/cnn_dailymail.py "HTTP/1.1 200 OK"
2026-05-25 23:02:54,302 [WARNING] datasets.load: Using the latest cached version of the dataset since cnn_dailymail couldn't be found on the Hugging Face Hub
2026-05-25 23:02:54,303 [WARNING] datasets.packaged_modules.cache.cache: Found the latest cached dataset configuration '3.0.0' at /Users/saiabhinav/.cache/huggingface/datasets/cnn_dailymail/3.0.0/0.0.0/96df5e686bee6baa90b8bee7c28b81fa3fa6223d (last modified on Sun Jan 11 18:38:11 2026).
2026-05-25 23:02:54,387 [INFO] data_loaders:   Loaded 11490 test articles
2026-05-25 23:02:54,774 [INFO] data_loaders:   Buckets — short(<400): 2545, medium(400-800): 5418, long(>800): 3527
2026-05-25 23:02:54,776 [INFO] data_loaders:   Loaded 6 summarization instances
2026-05-25 23:02:54,780 [INFO] __main__: Loaded 6 source instances for 'summarization'
2026-05-25 23:02:54,780 [INFO] __main__: Found 0 completed instances in checkpoint
2026-05-25 23:03:03,211 [INFO] paraphrase_generator:   [summ_0000] n_variants=4, mean_sim=0.877, time=8.4s
2026-05-25 23:03:08,613 [INFO] paraphrase_generator:   [summ_0001] n_variants=4, mean_sim=0.897, time=5.4s
2026-05-25 23:03:08,614 [INFO] __main__:   ✓ Checkpoint saved at instance 2/6
2026-05-25 23:03:14,391 [INFO] paraphrase_generator:   [summ_0002] n_variants=4, mean_sim=0.879, time=5.8s
2026-05-25 23:03:20,165 [INFO] paraphrase_generator:   [summ_0003] n_variants=4, mean_sim=0.893, time=5.8s
2026-05-25 23:03:20,166 [INFO] __main__:   ✓ Checkpoint saved at instance 4/6
2026-05-25 23:03:23,833 [INFO] paraphrase_generator:   [summ_0004] n_variants=4, mean_sim=0.886, time=3.7s
2026-05-25 23:03:32,536 [INFO] paraphrase_generator:   [summ_0005] n_variants=4, mean_sim=0.864, time=8.7s
2026-05-25 23:03:32,538 [INFO] __main__:   ✓ Checkpoint saved at instance 6/6
2026-05-25 23:03:32,538 [INFO] __main__: Task 'summarization' completed in 37.8s — 6 records
2026-05-25 23:03:32,539 [INFO] __main__:   Saved final output to: /Users/saiabhinav/Desktop/PROMPT SENSITIVITY/gensens/data/gensens_summarization_6inst_4var.jsonl
2026-05-25 23:03:32,539 [INFO] __main__:   Removed checkpoint: /Users/saiabhinav/Desktop/PROMPT SENSITIVITY/gensens/data/gensens_summarization.checkpoint.jsonl
2026-05-25 23:03:32,540 [INFO] __main__: Stats saved to: /Users/saiabhinav/Desktop/PROMPT SENSITIVITY/gensens/data/gensens_stats.json
2026-05-25 23:03:32,540 [INFO] __main__: 
✓ ALL DONE — Total pipeline time: 40.0s
2026-05-25 23:03:32,540 [INFO] __main__:   Output files in: /Users/saiabhinav/Desktop/PROMPT SENSITIVITY/gensens/data/
2026-05-25 23:03:32,540 [INFO] __main__:   Total instances: 6
2026-05-25 23:03:32,540 [INFO] __main__:   Total variants:  24
