Seed B12: has 5 variants, expected 6 (known upstream gap — see fix_changelog.json). Cells for this seed will use n_variants=5 instead of 6.
# GenSens Crossed-Design Summarization — Summary Report

## 1. Run size
- Total outputs generated: **8970** (articles=30, seeds=50, target variants/cell=6; expected 8970)
- Complete cells scored: **1500** (expected 1500)

## 2. SENSITIVITY by pool (headline result)
| Pool | n_cells | Sensitivity mean | 95% CI |
|---|---|---|---|
| A | 1050 | 0.4812 | [0.4688, 0.4934] |
| B | 450 | 0.5439 | [0.5262, 0.5613] |

## 3. PRI (quality-gated robustness) by pool
*Note: PRI is quality-gated robustness (good AND stable), not pure sensitivity. Section 2's Sensitivity composite is the headline sensitivity measure.*

| Pool | n_cells | PRI mean | 95% CI |
|---|---|---|---|
| A | 1050 | 0.7344 | [0.7309, 0.7378] |
| B | 450 | 0.7034 | [0.6968, 0.7101] |

## 4. Top 5 MOST sensitive seeds
| seed_id | pool | dimension | Sensitivity mean | 95% CI |
|---|---|---|---|---|
| B04 | B | Theme Isolation | 0.7765 | [0.7199, 0.8292] |
| A02 | A | Direct Command | 0.7129 | [0.6687, 0.7561] |
| A17 | A | Analytical Framing | 0.7082 | [0.6522, 0.7621] |
| A19 | A | Analytical Framing | 0.7082 | [0.6451, 0.7682] |
| B06 | B | Theme Isolation | 0.6952 | [0.6498, 0.7376] |

## 5. Top 5 LEAST sensitive seeds
| seed_id | pool | dimension | Sensitivity mean | 95% CI |
|---|---|---|---|---|
| A13 | A | Constraint Based | 0.1972 | [0.1312, 0.2673] |
| A21 | A | Output Format | 0.2920 | [0.2454, 0.3411] |
| A22 | A | Output Format | 0.3113 | [0.2620, 0.3609] |
| A20 | A | Output Format | 0.3229 | [0.2581, 0.3880] |
| A03 | A | Direct Command | 0.3444 | [0.2985, 0.3900] |

## 6. Per-dimension sensitivity ranking
| Rank | Dimension | n | Sensitivity mean | 95% CI |
|---|---|---|---|---|
| 1 | Theme Isolation | 150 | 0.6604 | [0.6352, 0.6862] |
| 2 | Analytical Framing | 120 | 0.6296 | [0.5970, 0.6623] |
| 3 | Question Form | 120 | 0.5980 | [0.5652, 0.6287] |
| 4 | Emphasis Focus | 90 | 0.5681 | [0.5240, 0.6120] |
| 5 | Meta-reflection | 30 | 0.5608 | [0.4940, 0.6247] |
| 6 | Persona / Tone | 180 | 0.5055 | [0.4804, 0.5309] |
| 7 | Audience Perspective | 90 | 0.4776 | [0.4400, 0.5162] |
| 8 | Completeness Framing | 90 | 0.4743 | [0.4382, 0.5098] |
| 9 | Tone Register | 120 | 0.4574 | [0.4315, 0.4831] |
| 10 | Role Based | 120 | 0.4548 | [0.4251, 0.4840] |
| 11 | Direct Command | 120 | 0.4458 | [0.4099, 0.4829] |
| 12 | Lexical Filter | 90 | 0.4207 | [0.3881, 0.4537] |
| 13 | Constraint Based | 90 | 0.3379 | [0.2972, 0.3779] |
| 14 | Output Format | 90 | 0.3087 | [0.2768, 0.3402] |

## 7. Diagnosis matrix (quality x sensitivity)
- True Robustness: 443
- Fragile: 307
- Consistently Poor: 307
- Unreliable: 443

## 8. Significance tests
- **Pool A vs Pool B — seed-level Mann-Whitney U (headline, valid unit):** n_A=35 seeds, n_B=15 seeds, U=333.0, p=0.1384, rank-biserial r=-0.2686 (Pool B more sensitive)
  - _per-cell (pseudoreplicated, reference only — anticonservative, not for inference):_ p=4.776e-08
- **Most (B04) vs least (A13) sensitive seed (Wilcoxon):** W=3.0, p=9.313e-09, dz=2.1988, n_paired=30

## 9. Warnings
- Instruction-echo preamble stripped from 4469/8970 outputs before SMS/CS/ROUGE/BERTScore/faithfulness; PPL/BF use raw generation.
- 416 NLI pairs had an output too long for the premise to fit any context; scored as neutral (0.5).
- PPL_var/PC_stab_var not computed (--skip_ppl_entropy).


[summary_report.py] Wrote /home/prompt_sensitivity/gensens/crossed/results/summary_report.md
